0 verbose cli C:\Program Files\nodejs\node.exe C:\Program Files\nodejs\node_modules\npm\bin\npm-cli.js
1 info using npm@11.12.1
2 info using node@v24.15.0
3 silly config load:file:C:\Program Files\nodejs\node_modules\npm\npmrc
4 silly config load:file:C:\Users\Qinqiao\firstcc\.npmrc
5 silly config load:file:C:\Users\Qinqiao\.npmrc
6 silly config load:file:C:\Users\Qinqiao\AppData\Roaming\npm\etc\npmrc
7 verbose title npm exec supabase@2.98.2 --version
8 verbose argv "exec" "--cache" "C:/Users/Qinqiao/firstcc/.npx-cache" "--yes" "--" "supabase@2.98.2" "--version"
9 verbose logfile logs-max:10 dir:C:\Users\Qinqiao\firstcc\.npx-cache\_logs\2026-05-11T14_02_25_809Z-
10 verbose logfile C:\Users\Qinqiao\firstcc\.npx-cache\_logs\2026-05-11T14_02_25_809Z-debug-0.log
11 silly logfile done cleaning log files
12 silly packumentCache heap:4496293888 maxSize:1124073472 maxEntrySize:562036736
13 http fetch GET 200 https://registry.npmjs.org/npm 15632ms
14 http fetch GET https://registry.npmjs.org/supabase attempt 1 failed with ECONNRESET
15 http fetch GET 200 https://registry.npmjs.org/supabase 39342ms attempt #2 (cache miss)
16 silly packumentCache heap:4496293888 maxSize:1124073472 maxEntrySize:562036736
17 silly packumentCache heap:4496293888 maxSize:1124073472 maxEntrySize:562036736
18 silly idealTree buildDeps
19 silly fetch manifest supabase@2.98.2
20 silly packumentCache full:https://registry.npmjs.org/supabase cache-miss
21 http fetch GET 200 https://registry.npmjs.org/supabase 3223ms (cache miss)
22 silly packumentCache full:https://registry.npmjs.org/supabase set size:undefined disposed:false
23 silly placeDep ROOT supabase@2.98.2 OK for:  want: 2.98.2
24 silly fetch manifest tar@7.5.13
25 silly packumentCache full:https://registry.npmjs.org/tar cache-miss
26 silly fetch manifest bin-links@^6.0.0
27 silly packumentCache full:https://registry.npmjs.org/bin-links cache-miss
28 silly fetch manifest node-fetch@^3.3.2
29 silly packumentCache full:https://registry.npmjs.org/node-fetch cache-miss
30 silly fetch manifest https-proxy-agent@^9.0.0
31 silly packumentCache full:https://registry.npmjs.org/https-proxy-agent cache-miss
32 http fetch GET 200 https://registry.npmjs.org/tar 876ms (cache miss)
33 silly packumentCache full:https://registry.npmjs.org/tar set size:undefined disposed:false
34 http fetch GET 200 https://registry.npmjs.org/https-proxy-agent 7322ms (cache miss)
35 silly packumentCache full:https://registry.npmjs.org/https-proxy-agent set size:undefined disposed:false
36 http fetch GET 200 https://registry.npmjs.org/bin-links 7421ms (cache miss)
37 silly packumentCache full:https://registry.npmjs.org/bin-links set size:undefined disposed:false
38 http fetch GET 200 https://registry.npmjs.org/node-fetch 9817ms (cache miss)
39 silly packumentCache full:https://registry.npmjs.org/node-fetch set size:undefined disposed:false
40 silly placeDep ROOT bin-links@6.0.0 OK for: supabase@2.98.2 want: ^6.0.0
41 silly placeDep ROOT https-proxy-agent@9.0.0 OK for: supabase@2.98.2 want: ^9.0.0
42 silly placeDep ROOT node-fetch@3.3.2 OK for: supabase@2.98.2 want: ^3.3.2
43 silly placeDep ROOT tar@7.5.13 OK for: supabase@2.98.2 want: 7.5.13
44 silly fetch manifest cmd-shim@^8.0.0
45 silly packumentCache full:https://registry.npmjs.org/cmd-shim cache-miss
46 silly fetch manifest proc-log@^6.0.0
47 silly packumentCache full:https://registry.npmjs.org/proc-log cache-miss
48 silly fetch manifest read-cmd-shim@^6.0.0
49 silly packumentCache full:https://registry.npmjs.org/read-cmd-shim cache-miss
50 silly fetch manifest write-file-atomic@^7.0.0
51 silly packumentCache full:https://registry.npmjs.org/write-file-atomic cache-miss
52 silly fetch manifest npm-normalize-package-bin@^5.0.0
53 silly packumentCache full:https://registry.npmjs.org/npm-normalize-package-bin cache-miss
54 silly fetch manifest debug@^4.3.4
55 silly packumentCache full:https://registry.npmjs.org/debug cache-miss
56 silly fetch manifest agent-base@9.0.0
57 silly packumentCache full:https://registry.npmjs.org/agent-base cache-miss
58 silly fetch manifest data-uri-to-buffer@^4.0.0
59 silly packumentCache full:https://registry.npmjs.org/data-uri-to-buffer cache-miss
60 silly fetch manifest fetch-blob@^3.1.4
61 silly packumentCache full:https://registry.npmjs.org/fetch-blob cache-miss
62 silly fetch manifest formdata-polyfill@^4.0.10
63 silly packumentCache full:https://registry.npmjs.org/formdata-polyfill cache-miss
64 silly fetch manifest chownr@^3.0.0
65 silly packumentCache full:https://registry.npmjs.org/chownr cache-miss
66 silly fetch manifest yallist@^5.0.0
67 silly packumentCache full:https://registry.npmjs.org/yallist cache-miss
68 silly fetch manifest minipass@^7.1.2
69 silly packumentCache full:https://registry.npmjs.org/minipass cache-miss
70 silly fetch manifest minizlib@^3.1.0
71 silly packumentCache full:https://registry.npmjs.org/minizlib cache-miss
72 silly fetch manifest @isaacs/fs-minipass@^4.0.0
73 silly packumentCache full:https://registry.npmjs.org/@isaacs%2ffs-minipass cache-miss
74 http fetch GET 200 https://registry.npmjs.org/proc-log 340ms (cache miss)
75 silly packumentCache full:https://registry.npmjs.org/proc-log set size:undefined disposed:false
76 http fetch GET 200 https://registry.npmjs.org/read-cmd-shim 368ms (cache miss)
77 silly packumentCache full:https://registry.npmjs.org/read-cmd-shim set size:undefined disposed:false
78 http fetch GET 200 https://registry.npmjs.org/cmd-shim 1099ms (cache miss)
79 silly packumentCache full:https://registry.npmjs.org/cmd-shim set size:undefined disposed:false
80 http fetch GET 200 https://registry.npmjs.org/write-file-atomic 1412ms (cache miss)
81 silly packumentCache full:https://registry.npmjs.org/write-file-atomic set size:undefined disposed:false
82 http fetch GET 200 https://registry.npmjs.org/data-uri-to-buffer 1686ms (cache miss)
83 silly packumentCache full:https://registry.npmjs.org/data-uri-to-buffer set size:undefined disposed:false
84 http fetch GET 200 https://registry.npmjs.org/agent-base 2253ms (cache miss)
85 silly packumentCache full:https://registry.npmjs.org/agent-base set size:undefined disposed:false
86 http fetch GET 200 https://registry.npmjs.org/minizlib 2890ms (cache miss)
87 silly packumentCache full:https://registry.npmjs.org/minizlib set size:undefined disposed:false
88 http fetch GET 200 https://registry.npmjs.org/@isaacs%2ffs-minipass 3643ms (cache miss)
89 silly packumentCache full:https://registry.npmjs.org/@isaacs%2ffs-minipass set size:undefined disposed:false
90 http fetch GET 200 https://registry.npmjs.org/chownr 5203ms (cache miss)
91 silly packumentCache full:https://registry.npmjs.org/chownr set size:undefined disposed:false
92 http fetch GET 200 https://registry.npmjs.org/yallist 5503ms (cache miss)
93 silly packumentCache full:https://registry.npmjs.org/yallist set size:undefined disposed:false
94 http fetch GET 200 https://registry.npmjs.org/formdata-polyfill 8064ms (cache miss)
95 silly packumentCache full:https://registry.npmjs.org/formdata-polyfill set size:undefined disposed:false
96 http fetch GET https://registry.npmjs.org/minipass attempt 1 failed with ECONNRESET
97 http fetch GET https://registry.npmjs.org/debug attempt 1 failed with ECONNRESET
98 http fetch GET https://registry.npmjs.org/npm-normalize-package-bin attempt 1 failed with ECONNRESET
99 http fetch GET 200 https://registry.npmjs.org/minipass 24810ms attempt #2 (cache miss)
100 silly packumentCache full:https://registry.npmjs.org/minipass set size:undefined disposed:false
101 http fetch GET https://registry.npmjs.org/fetch-blob attempt 1 failed with ETIMEDOUT
102 http fetch GET 200 https://registry.npmjs.org/debug 31735ms attempt #2 (cache miss)
103 silly packumentCache full:https://registry.npmjs.org/debug set size:undefined disposed:false
104 http fetch GET 200 https://registry.npmjs.org/npm-normalize-package-bin 35249ms attempt #2 (cache miss)
105 silly packumentCache full:https://registry.npmjs.org/npm-normalize-package-bin set size:undefined disposed:false
106 http fetch GET 200 https://registry.npmjs.org/fetch-blob 37556ms attempt #2 (cache miss)
107 silly packumentCache full:https://registry.npmjs.org/fetch-blob set size:undefined disposed:false
108 silly placeDep ROOT cmd-shim@8.0.0 OK for: bin-links@6.0.0 want: ^8.0.0
109 silly placeDep ROOT npm-normalize-package-bin@5.0.0 OK for: bin-links@6.0.0 want: ^5.0.0
110 silly placeDep ROOT proc-log@6.1.0 OK for: bin-links@6.0.0 want: ^6.0.0
111 silly placeDep ROOT read-cmd-shim@6.0.0 OK for: bin-links@6.0.0 want: ^6.0.0
112 silly placeDep ROOT write-file-atomic@7.0.1 OK for: bin-links@6.0.0 want: ^7.0.0
113 silly fetch manifest signal-exit@^4.0.1
114 silly packumentCache full:https://registry.npmjs.org/signal-exit cache-miss
115 http fetch GET 200 https://registry.npmjs.org/signal-exit 2967ms (cache miss)
116 silly packumentCache full:https://registry.npmjs.org/signal-exit set size:undefined disposed:false
117 silly placeDep ROOT agent-base@9.0.0 OK for: https-proxy-agent@9.0.0 want: 9.0.0
118 silly placeDep ROOT debug@4.4.3 OK for: https-proxy-agent@9.0.0 want: ^4.3.4
119 silly fetch manifest ms@^2.1.3
120 silly packumentCache full:https://registry.npmjs.org/ms cache-miss
121 http fetch GET 200 https://registry.npmjs.org/ms 1271ms (cache miss)
122 silly packumentCache full:https://registry.npmjs.org/ms set size:undefined disposed:false
123 silly placeDep ROOT ms@2.1.3 OK for: debug@4.4.3 want: ^2.1.3
124 silly placeDep ROOT data-uri-to-buffer@4.0.1 OK for: node-fetch@3.3.2 want: ^4.0.0
125 silly placeDep ROOT fetch-blob@3.2.0 OK for: node-fetch@3.3.2 want: ^3.1.4
126 silly placeDep ROOT formdata-polyfill@4.0.10 OK for: node-fetch@3.3.2 want: ^4.0.10
127 silly fetch manifest node-domexception@^1.0.0
128 silly packumentCache full:https://registry.npmjs.org/node-domexception cache-miss
129 silly fetch manifest web-streams-polyfill@^3.0.3
130 silly packumentCache full:https://registry.npmjs.org/web-streams-polyfill cache-miss
131 http fetch GET 200 https://registry.npmjs.org/web-streams-polyfill 887ms (cache miss)
132 silly packumentCache full:https://registry.npmjs.org/web-streams-polyfill set size:undefined disposed:false
133 http fetch GET 200 https://registry.npmjs.org/node-domexception 1218ms (cache miss)
134 silly packumentCache full:https://registry.npmjs.org/node-domexception set size:undefined disposed:false
135 silly placeDep ROOT node-domexception@1.0.0 OK for: fetch-blob@3.2.0 want: ^1.0.0
136 silly placeDep ROOT web-streams-polyfill@3.3.3 OK for: fetch-blob@3.2.0 want: ^3.0.3
137 silly placeDep ROOT @isaacs/fs-minipass@4.0.1 OK for: tar@7.5.13 want: ^4.0.0
138 silly placeDep ROOT chownr@3.0.0 OK for: tar@7.5.13 want: ^3.0.0
139 silly placeDep ROOT minipass@7.1.3 OK for: tar@7.5.13 want: ^7.1.2
140 silly placeDep ROOT minizlib@3.1.0 OK for: tar@7.5.13 want: ^3.1.0
141 silly placeDep ROOT yallist@5.0.0 OK for: tar@7.5.13 want: ^5.0.0
142 silly fetch manifest minipass@^7.0.4
143 silly packumentCache full:https://registry.npmjs.org/minipass cache-miss
144 http cache https://registry.npmjs.org/minipass 4ms (cache hit)
145 silly packumentCache full:https://registry.npmjs.org/minipass set size:276925 disposed:false
146 silly placeDep ROOT signal-exit@4.1.0 OK for: write-file-atomic@7.0.1 want: ^4.0.1
147 silly reify moves {}
148 silly audit bulk request {
148 silly audit   supabase: [ '2.98.2' ],
148 silly audit   'bin-links': [ '6.0.0' ],
148 silly audit   'https-proxy-agent': [ '9.0.0' ],
148 silly audit   'node-fetch': [ '3.3.2' ],
148 silly audit   tar: [ '7.5.13' ],
148 silly audit   'cmd-shim': [ '8.0.0' ],
148 silly audit   'npm-normalize-package-bin': [ '5.0.0' ],
148 silly audit   'proc-log': [ '6.1.0' ],
148 silly audit   'read-cmd-shim': [ '6.0.0' ],
148 silly audit   'write-file-atomic': [ '7.0.1' ],
148 silly audit   'agent-base': [ '9.0.0' ],
148 silly audit   debug: [ '4.4.3' ],
148 silly audit   ms: [ '2.1.3' ],
148 silly audit   'data-uri-to-buffer': [ '4.0.1' ],
148 silly audit   'fetch-blob': [ '3.2.0' ],
148 silly audit   'formdata-polyfill': [ '4.0.10' ],
148 silly audit   'node-domexception': [ '1.0.0' ],
148 silly audit   'web-streams-polyfill': [ '3.3.3' ],
148 silly audit   '@isaacs/fs-minipass': [ '4.0.1' ],
148 silly audit   chownr: [ '3.0.0' ],
148 silly audit   minipass: [ '7.1.3' ],
148 silly audit   minizlib: [ '3.1.0' ],
148 silly audit   yallist: [ '5.0.0' ],
148 silly audit   'signal-exit': [ '4.1.0' ]
148 silly audit }
149 http cache signal-exit@https://registry.npmjs.org/signal-exit/-/signal-exit-4.1.0.tgz 0ms (cache hit)
150 http cache yallist@https://registry.npmjs.org/yallist/-/yallist-5.0.0.tgz 0ms (cache hit)
151 http cache minizlib@https://registry.npmjs.org/minizlib/-/minizlib-3.1.0.tgz 0ms (cache hit)
152 http cache @isaacs/fs-minipass@https://registry.npmjs.org/@isaacs/fs-minipass/-/fs-minipass-4.0.1.tgz 0ms (cache hit)
153 http cache minipass@https://registry.npmjs.org/minipass/-/minipass-7.1.3.tgz 0ms (cache hit)
154 http cache chownr@https://registry.npmjs.org/chownr/-/chownr-3.0.0.tgz 0ms (cache hit)
155 http cache web-streams-polyfill@https://registry.npmjs.org/web-streams-polyfill/-/web-streams-polyfill-3.3.3.tgz 0ms (cache hit)
156 http cache node-domexception@https://registry.npmjs.org/node-domexception/-/node-domexception-1.0.0.tgz 0ms (cache hit)
157 http cache formdata-polyfill@https://registry.npmjs.org/formdata-polyfill/-/formdata-polyfill-4.0.10.tgz 0ms (cache hit)
158 http cache fetch-blob@https://registry.npmjs.org/fetch-blob/-/fetch-blob-3.2.0.tgz 0ms (cache hit)
159 http cache data-uri-to-buffer@https://registry.npmjs.org/data-uri-to-buffer/-/data-uri-to-buffer-4.0.1.tgz 0ms (cache hit)
160 http cache agent-base@https://registry.npmjs.org/agent-base/-/agent-base-9.0.0.tgz 0ms (cache hit)
161 http cache debug@https://registry.npmjs.org/debug/-/debug-4.4.3.tgz 0ms (cache hit)
162 http cache ms@https://registry.npmjs.org/ms/-/ms-2.1.3.tgz 0ms (cache hit)
163 http cache write-file-atomic@https://registry.npmjs.org/write-file-atomic/-/write-file-atomic-7.0.1.tgz 0ms (cache hit)
164 http cache proc-log@https://registry.npmjs.org/proc-log/-/proc-log-6.1.0.tgz 0ms (cache hit)
165 http cache npm-normalize-package-bin@https://registry.npmjs.org/npm-normalize-package-bin/-/npm-normalize-package-bin-5.0.0.tgz 0ms (cache hit)
166 http cache read-cmd-shim@https://registry.npmjs.org/read-cmd-shim/-/read-cmd-shim-6.0.0.tgz 0ms (cache hit)
167 http cache tar@https://registry.npmjs.org/tar/-/tar-7.5.13.tgz 0ms (cache hit)
168 http cache cmd-shim@https://registry.npmjs.org/cmd-shim/-/cmd-shim-8.0.0.tgz 0ms (cache hit)
169 http cache https-proxy-agent@https://registry.npmjs.org/https-proxy-agent/-/https-proxy-agent-9.0.0.tgz 0ms (cache hit)
170 http cache node-fetch@https://registry.npmjs.org/node-fetch/-/node-fetch-3.3.2.tgz 0ms (cache hit)
171 http cache bin-links@https://registry.npmjs.org/bin-links/-/bin-links-6.0.0.tgz 0ms (cache hit)
172 silly tarball no local data for signal-exit@https://registry.npmjs.org/signal-exit/-/signal-exit-4.1.0.tgz. Extracting by manifest.
173 silly tarball no local data for yallist@https://registry.npmjs.org/yallist/-/yallist-5.0.0.tgz. Extracting by manifest.
174 silly tarball no local data for minizlib@https://registry.npmjs.org/minizlib/-/minizlib-3.1.0.tgz. Extracting by manifest.
175 silly tarball no local data for @isaacs/fs-minipass@https://registry.npmjs.org/@isaacs/fs-minipass/-/fs-minipass-4.0.1.tgz. Extracting by manifest.
176 silly tarball no local data for minipass@https://registry.npmjs.org/minipass/-/minipass-7.1.3.tgz. Extracting by manifest.
177 silly tarball no local data for chownr@https://registry.npmjs.org/chownr/-/chownr-3.0.0.tgz. Extracting by manifest.
178 silly tarball no local data for web-streams-polyfill@https://registry.npmjs.org/web-streams-polyfill/-/web-streams-polyfill-3.3.3.tgz. Extracting by manifest.
179 http cache supabase@https://registry.npmjs.org/supabase/-/supabase-2.98.2.tgz 0ms (cache hit)
180 silly tarball no local data for node-domexception@https://registry.npmjs.org/node-domexception/-/node-domexception-1.0.0.tgz. Extracting by manifest.
181 silly tarball no local data for formdata-polyfill@https://registry.npmjs.org/formdata-polyfill/-/formdata-polyfill-4.0.10.tgz. Extracting by manifest.
182 silly tarball no local data for fetch-blob@https://registry.npmjs.org/fetch-blob/-/fetch-blob-3.2.0.tgz. Extracting by manifest.
183 silly tarball no local data for data-uri-to-buffer@https://registry.npmjs.org/data-uri-to-buffer/-/data-uri-to-buffer-4.0.1.tgz. Extracting by manifest.
184 silly tarball no local data for agent-base@https://registry.npmjs.org/agent-base/-/agent-base-9.0.0.tgz. Extracting by manifest.
185 silly tarball no local data for debug@https://registry.npmjs.org/debug/-/debug-4.4.3.tgz. Extracting by manifest.
186 silly tarball no local data for ms@https://registry.npmjs.org/ms/-/ms-2.1.3.tgz. Extracting by manifest.
187 silly tarball no local data for write-file-atomic@https://registry.npmjs.org/write-file-atomic/-/write-file-atomic-7.0.1.tgz. Extracting by manifest.
188 silly tarball no local data for proc-log@https://registry.npmjs.org/proc-log/-/proc-log-6.1.0.tgz. Extracting by manifest.
189 silly tarball no local data for npm-normalize-package-bin@https://registry.npmjs.org/npm-normalize-package-bin/-/npm-normalize-package-bin-5.0.0.tgz. Extracting by manifest.
190 silly tarball no local data for read-cmd-shim@https://registry.npmjs.org/read-cmd-shim/-/read-cmd-shim-6.0.0.tgz. Extracting by manifest.
191 silly tarball no local data for tar@https://registry.npmjs.org/tar/-/tar-7.5.13.tgz. Extracting by manifest.
192 silly tarball no local data for cmd-shim@https://registry.npmjs.org/cmd-shim/-/cmd-shim-8.0.0.tgz. Extracting by manifest.
193 silly tarball no local data for https-proxy-agent@https://registry.npmjs.org/https-proxy-agent/-/https-proxy-agent-9.0.0.tgz. Extracting by manifest.
194 silly tarball no local data for node-fetch@https://registry.npmjs.org/node-fetch/-/node-fetch-3.3.2.tgz. Extracting by manifest.
195 silly tarball no local data for bin-links@https://registry.npmjs.org/bin-links/-/bin-links-6.0.0.tgz. Extracting by manifest.
196 silly tarball no local data for supabase@https://registry.npmjs.org/supabase/-/supabase-2.98.2.tgz. Extracting by manifest.
197 http fetch GET 200 https://registry.npmjs.org/chownr/-/chownr-3.0.0.tgz 303ms (cache miss)
198 http fetch POST 200 https://registry.npmjs.org/-/npm/v1/security/advisories/bulk 322ms
199 silly audit report {}
200 http fetch GET 200 https://registry.npmjs.org/node-domexception/-/node-domexception-1.0.0.tgz 324ms (cache miss)
201 warn deprecated node-domexception@1.0.0: Use your platform's native DOMException instead
202 http fetch GET 200 https://registry.npmjs.org/yallist/-/yallist-5.0.0.tgz 340ms (cache miss)
203 http fetch GET 200 https://registry.npmjs.org/minizlib/-/minizlib-3.1.0.tgz 387ms (cache miss)
204 http fetch GET 200 https://registry.npmjs.org/signal-exit/-/signal-exit-4.1.0.tgz 580ms (cache miss)
205 http fetch GET 200 https://registry.npmjs.org/proc-log/-/proc-log-6.1.0.tgz 585ms (cache miss)
206 http fetch GET 200 https://registry.npmjs.org/read-cmd-shim/-/read-cmd-shim-6.0.0.tgz 652ms (cache miss)
207 http fetch GET 200 https://registry.npmjs.org/minipass/-/minipass-7.1.3.tgz 660ms (cache miss)
208 http fetch GET 200 https://registry.npmjs.org/cmd-shim/-/cmd-shim-8.0.0.tgz 847ms (cache miss)
209 http fetch GET 200 https://registry.npmjs.org/bin-links/-/bin-links-6.0.0.tgz 948ms (cache miss)
210 http fetch GET 200 https://registry.npmjs.org/node-fetch/-/node-fetch-3.3.2.tgz 1007ms (cache miss)
211 http fetch GET 200 https://registry.npmjs.org/write-file-atomic/-/write-file-atomic-7.0.1.tgz 1013ms (cache miss)
212 http fetch GET 200 https://registry.npmjs.org/supabase/-/supabase-2.98.2.tgz 1113ms (cache miss)
213 http fetch GET 200 https://registry.npmjs.org/npm-normalize-package-bin/-/npm-normalize-package-bin-5.0.0.tgz 1418ms (cache miss)
214 http fetch GET 200 https://registry.npmjs.org/fetch-blob/-/fetch-blob-3.2.0.tgz 1897ms (cache miss)
215 http fetch GET 200 https://registry.npmjs.org/https-proxy-agent/-/https-proxy-agent-9.0.0.tgz 2378ms (cache miss)
216 http fetch GET 200 https://registry.npmjs.org/formdata-polyfill/-/formdata-polyfill-4.0.10.tgz 2422ms (cache miss)
217 http fetch GET 200 https://registry.npmjs.org/agent-base/-/agent-base-9.0.0.tgz 2962ms (cache miss)
218 http fetch GET 200 https://registry.npmjs.org/@isaacs/fs-minipass/-/fs-minipass-4.0.1.tgz 3169ms (cache miss)
219 http fetch GET 200 https://registry.npmjs.org/tar/-/tar-7.5.13.tgz 3226ms (cache miss)
220 http fetch GET 200 https://registry.npmjs.org/ms/-/ms-2.1.3.tgz 5275ms (cache miss)
221 http fetch GET 200 https://registry.npmjs.org/data-uri-to-buffer/-/data-uri-to-buffer-4.0.1.tgz 6668ms (cache miss)
222 http fetch GET 200 https://registry.npmjs.org/web-streams-polyfill/-/web-streams-polyfill-3.3.3.tgz 8697ms (cache miss)
223 http fetch GET https://registry.npmjs.org/debug/-/debug-4.4.3.tgz attempt 1 failed with ECONNRESET
224 http fetch GET 200 https://registry.npmjs.org/debug/-/debug-4.4.3.tgz 23301ms attempt #2 (cache miss)
225 info run supabase@2.98.2 postinstall node_modules/supabase node scripts/postinstall.js
226 info run supabase@2.98.2 postinstall { code: 1, signal: null }
227 warn cleanup Failed to remove some directories [
227 warn cleanup   [
227 warn cleanup     '\\\\?\\C:\\Users\\Qinqiao\\firstcc\\.npx-cache\\_npx\\da1a5b1bc3e86bb0\\node_modules',
227 warn cleanup     [Error: EPERM: operation not permitted, rmdir 'C:\Users\Qinqiao\firstcc\.npx-cache\_npx\da1a5b1bc3e86bb0\node_modules\signal-exit\dist'] {
227 warn cleanup       errno: -4048,
227 warn cleanup       code: 'EPERM',
227 warn cleanup       syscall: 'rmdir',
227 warn cleanup       path: 'C:\\Users\\Qinqiao\\firstcc\\.npx-cache\\_npx\\da1a5b1bc3e86bb0\\node_modules\\signal-exit\\dist'
227 warn cleanup     }
227 warn cleanup   ],
227 warn cleanup   [
227 warn cleanup     '\\\\?\\C:\\Users\\Qinqiao\\firstcc\\.npx-cache\\_npx\\da1a5b1bc3e86bb0\\node_modules\\@isaacs',
227 warn cleanup     [Error: EPERM: operation not permitted, rmdir 'C:\Users\Qinqiao\firstcc\.npx-cache\_npx\da1a5b1bc3e86bb0\node_modules\@isaacs'] {
227 warn cleanup       errno: -4048,
227 warn cleanup       code: 'EPERM',
227 warn cleanup       syscall: 'rmdir',
227 warn cleanup       path: 'C:\\Users\\Qinqiao\\firstcc\\.npx-cache\\_npx\\da1a5b1bc3e86bb0\\node_modules\\@isaacs'
227 warn cleanup     }
227 warn cleanup   ]
227 warn cleanup ]
228 silly unfinished npm timer reify 1778508185465
229 silly unfinished npm timer reify:build 1778508264891
230 silly unfinished npm timer build 1778508264891
231 silly unfinished npm timer build:deps 1778508264891
232 silly unfinished npm timer build:run:postinstall 1778508264892
233 silly unfinished npm timer build:run:postinstall:node_modules/supabase 1778508264893
234 verbose cwd C:\Users\Qinqiao\firstcc
235 verbose os Windows_NT 10.0.26200
236 verbose node v24.15.0
237 verbose npm  v11.12.1
238 notice
238 notice New minor version of npm available! 11.12.1 -> 11.14.1
238 notice Changelog: https://github.com/npm/cli/releases/tag/v11.14.1
238 notice To update run: npm install -g npm@11.14.1
238 notice  { force: true, Symbol(proc-log.meta): true }
239 verbose exit 1
240 verbose code 1
